[
	"104.237.142.206:8858",
	"118.178.135.93:8858",
	"120.77.69.188:8858",
	"121.41.103.148:8858",
	"139.162.7.132:8858",
	"172.104.85.6:8858",
	"176.58.126.224:8858",
	"47.88.33.156:8858"
]
